lib/paypal.ts(13,32): error TS2339: Property 'LiveEnvironment' does not exist on type '"string" | "number" | "bigint" | "boolean" | "symbol" | "undefined" | "object" | "function"'.
  Property 'LiveEnvironment' does not exist on type '"string"'.
lib/paypal.ts(15,28): error TS2339: Property 'SandboxEnvironment' does not exist on type '"string" | "number" | "bigint" | "boolean" | "symbol" | "undefined" | "object" | "function"'.
  Property 'SandboxEnvironment' does not exist on type '"string"'.
lib/paypal.ts(18,19): error TS2503: Cannot find namespace 'paypal'.
lib/paypal.ts(20,36): error TS2503: Cannot find namespace 'paypal'.
lib/paypal.ts(22,40): error TS2339: Property 'PayPalHttpClient' does not exist on type '"string" | "number" | "bigint" | "boolean" | "symbol" | "undefined" | "object" | "function"'.
  Property 'PayPalHttpClient' does not exist on type '"string"'.
lib/paypal.ts(56,39): error TS2339: Property 'OrdersCreateRequest' does not exist on type '"string" | "number" | "bigint" | "boolean" | "symbol" | "undefined" | "object" | "function"'.
  Property 'OrdersCreateRequest' does not exist on type '"string"'.
lib/paypal.ts(119,39): error TS2339: Property 'OrdersCaptureRequest' does not exist on type '"string" | "number" | "bigint" | "boolean" | "symbol" | "undefined" | "object" | "function"'.
  Property 'OrdersCaptureRequest' does not exist on type '"string"'.
lib/paypal.ts(136,39): error TS2339: Property 'OrdersGetRequest' does not exist on type '"string" | "number" | "bigint" | "boolean" | "symbol" | "undefined" | "object" | "function"'.
  Property 'OrdersGetRequest' does not exist on type '"string"'.
